middleware/auth.js(1,8): error TS1192: Module '"C:/dev/2-12/node_modules/@types/jsonwebtoken/index"' has no default export.
routes/authRoutes.js(3,8): error TS1192: Module '"C:/dev/2-12/node_modules/@types/jsonwebtoken/index"' has no default export.
routes/fileRoutes.js(2,8): error TS1259: Module '"C:/dev/2-12/node_modules/@types/multer/index"' can only be default-imported using the 'esModuleInterop' flag
server.js(1,8): error TS1259: Module '"C:/dev/2-12/node_modules/@types/express/index"' can only be default-imported using the 'esModuleInterop' flag
